2026-07-26 02:07:49,240 [INFO] .env file theke variables (re)load kora hoyeche: .env
2026-07-26 02:07:49,241 [ERROR] Config error: 'SOURCE_RTMP_URL' set kora nai (.env file check koro).
2026-07-26 02:08:20,409 [INFO] .env file theke variables (re)load kora hoyeche: .env
2026-07-26 02:08:20,411 [INFO] Relay shuru hocche: source=rtmp://localhost:1935/live/stream_01 -> 1 destination(s): youtube
2026-07-26 02:08:20,412 [INFO] ffmpeg command: ffmpeg -y -loglevel warning -i rtmp://localhost:1935/live/stream_01 -c copy -f tee [f=flv]rtmp://a.rtmp.youtube.com/live2/YOUR_YOUTUBE_STREAM_KEY
2026-07-26 02:08:20,438 [INFO] ffmpeg (pid=16680) push shuru hoyeche.
2026-07-26 02:08:21,441 [WARNING] ffmpeg exited (code=4294967274), last error:
[out#0/tee @ 00000289a5b27a40] Output file does not contain any stream
Error opening output file [f=flv]rtmp://a.rtmp.youtube.com/live2/YOUR_YOUTUBE_STREAM_KEY.
Error opening output files: Invalid argument
2026-07-26 02:08:26,453 [INFO] .env file theke variables (re)load kora hoyeche: .env
2026-07-26 02:08:26,454 [INFO] ffmpeg command: ffmpeg -y -loglevel warning -i rtmp://localhost:1935/live/stream_01 -c copy -f tee [f=flv]rtmp://a.rtmp.youtube.com/live2/YOUR_YOUTUBE_STREAM_KEY
2026-07-26 02:08:26,469 [INFO] ffmpeg restart hoyeche (pid=11472)
2026-07-26 02:08:27,470 [WARNING] ffmpeg exited (code=4294967274), last error:
[out#0/tee @ 00000237f4cc8080] Output file does not contain any stream
Error opening output file [f=flv]rtmp://a.rtmp.youtube.com/live2/YOUR_YOUTUBE_STREAM_KEY.
Error opening output files: Invalid argument
2026-07-26 02:08:30,891 [INFO] Shutdown signal (2) peyechi, bondho hocche...
2026-07-26 02:08:31,108 [INFO] Shutdown signal (2) peyechi, bondho hocche...
2026-07-26 02:08:32,472 [INFO] .env file theke variables (re)load kora hoyeche: .env
2026-07-26 02:08:32,473 [INFO] ffmpeg command: ffmpeg -y -loglevel warning -i rtmp://localhost:1935/live/stream_01 -c copy -f tee [f=flv]rtmp://a.rtmp.youtube.com/live2/YOUR_YOUTUBE_STREAM_KEY
2026-07-26 02:08:32,498 [INFO] ffmpeg restart hoyeche (pid=21532)
2026-07-26 02:08:32,500 [INFO] Bondho hocche, ffmpeg cleanup hocche...
2026-07-26 02:08:32,510 [INFO] Relay shesh.
2026-07-26 02:08:55,857 [INFO] .env file theke variables (re)load kora hoyeche: .env
2026-07-26 02:08:55,857 [INFO] Relay shuru hocche: source=rtmp://localhost:1935/live/stream_01 -> 1 destination(s): youtube
2026-07-26 02:08:55,858 [INFO] ffmpeg command: ffmpeg -y -loglevel warning -i rtmp://localhost:1935/live/stream_01 -c copy -f tee [f=flv]rtmp://a.rtmp.youtube.com/live2/bhfp-r56a-uq01-70ha-c147
2026-07-26 02:08:55,879 [INFO] ffmpeg (pid=4768) push shuru hoyeche.
2026-07-26 02:08:56,880 [WARNING] ffmpeg exited (code=4294967274), last error:
[out#0/tee @ 000002124a82b0c0] Output file does not contain any stream
Error opening output file [f=flv]rtmp://a.rtmp.youtube.com/live2/bhfp-r56a-uq01-70ha-c147.
Error opening output files: Invalid argument
2026-07-26 02:09:01,883 [INFO] .env file theke variables (re)load kora hoyeche: .env
2026-07-26 02:09:01,884 [INFO] ffmpeg command: ffmpeg -y -loglevel warning -i rtmp://localhost:1935/live/stream_01 -c copy -f tee [f=flv]rtmp://a.rtmp.youtube.com/live2/bhfp-r56a-uq01-70ha-c147
2026-07-26 02:09:01,894 [INFO] ffmpeg restart hoyeche (pid=19016)
2026-07-26 02:09:02,895 [WARNING] ffmpeg exited (code=4294967274), last error:
[out#0/tee @ 00000192603aa280] Output file does not contain any stream
Error opening output file [f=flv]rtmp://a.rtmp.youtube.com/live2/bhfp-r56a-uq01-70ha-c147.
Error opening output files: Invalid argument
2026-07-26 02:09:07,898 [INFO] .env file theke variables (re)load kora hoyeche: .env
2026-07-26 02:09:07,898 [INFO] ffmpeg command: ffmpeg -y -loglevel warning -i rtmp://localhost:1935/live/stream_01 -c copy -f tee [f=flv]rtmp://a.rtmp.youtube.com/live2/bhfp-r56a-uq01-70ha-c147
2026-07-26 02:09:07,914 [INFO] ffmpeg restart hoyeche (pid=16752)
2026-07-26 02:09:08,915 [WARNING] ffmpeg exited (code=4294967274), last error:
[out#0/tee @ 000001a378abb640] Output file does not contain any stream
Error opening output file [f=flv]rtmp://a.rtmp.youtube.com/live2/bhfp-r56a-uq01-70ha-c147.
Error opening output files: Invalid argument
2026-07-26 02:09:10,773 [INFO] Shutdown signal (2) peyechi, bondho hocche...
2026-07-26 02:09:13,917 [INFO] .env file theke variables (re)load kora hoyeche: .env
2026-07-26 02:09:13,918 [INFO] ffmpeg command: ffmpeg -y -loglevel warning -i rtmp://localhost:1935/live/stream_01 -c copy -f tee [f=flv]rtmp://a.rtmp.youtube.com/live2/bhfp-r56a-uq01-70ha-c147
2026-07-26 02:09:13,939 [INFO] ffmpeg restart hoyeche (pid=20636)
2026-07-26 02:09:13,940 [INFO] Bondho hocche, ffmpeg cleanup hocche...
2026-07-26 02:09:13,944 [INFO] Relay shesh.
2026-07-26 02:11:27,354 [INFO] .env file theke variables (re)load kora hoyeche: .env
2026-07-26 02:11:27,356 [INFO] Relay shuru hocche: source=rtmp://localhost:1935/live/stream_01 -> 1 destination(s): youtube
2026-07-26 02:11:27,356 [INFO] ffmpeg command: ffmpeg -y -loglevel warning -i rtmp://localhost:1935/live/stream_01 -c copy -f tee [f=flv]rtmp://a.rtmp.youtube.com/live2/bhfp-r56a-uq01-70ha-c147
2026-07-26 02:11:27,375 [INFO] ffmpeg (pid=20188) push shuru hoyeche.
2026-07-26 02:11:28,376 [WARNING] ffmpeg exited (code=4294967274), last error:
[out#0/tee @ 0000029a13ac7100] Output file does not contain any stream
Error opening output file [f=flv]rtmp://a.rtmp.youtube.com/live2/bhfp-r56a-uq01-70ha-c147.
Error opening output files: Invalid argument
2026-07-26 02:11:33,378 [INFO] .env file theke variables (re)load kora hoyeche: .env
2026-07-26 02:11:33,379 [INFO] ffmpeg command: ffmpeg -y -loglevel warning -i rtmp://localhost:1935/live/stream_01 -c copy -f tee [f=flv]rtmp://a.rtmp.youtube.com/live2/bhfp-r56a-uq01-70ha-c147
2026-07-26 02:11:33,392 [INFO] ffmpeg restart hoyeche (pid=6872)
2026-07-26 02:11:34,393 [WARNING] ffmpeg exited (code=4294967274), last error:
[out#0/tee @ 000001ec9e3a7b80] Output file does not contain any stream
Error opening output file [f=flv]rtmp://a.rtmp.youtube.com/live2/bhfp-r56a-uq01-70ha-c147.
Error opening output files: Invalid argument
2026-07-26 02:11:39,396 [INFO] .env file theke variables (re)load kora hoyeche: .env
2026-07-26 02:11:39,397 [INFO] ffmpeg command: ffmpeg -y -loglevel warning -i rtmp://localhost:1935/live/stream_01 -c copy -f tee [f=flv]rtmp://a.rtmp.youtube.com/live2/bhfp-r56a-uq01-70ha-c147
2026-07-26 02:11:39,417 [INFO] ffmpeg restart hoyeche (pid=4104)
2026-07-26 02:11:40,418 [WARNING] ffmpeg exited (code=4294967274), last error:
[out#0/tee @ 0000021fc04acd00] Output file does not contain any stream
Error opening output file [f=flv]rtmp://a.rtmp.youtube.com/live2/bhfp-r56a-uq01-70ha-c147.
Error opening output files: Invalid argument
2026-07-26 02:11:45,422 [INFO] .env file theke variables (re)load kora hoyeche: .env
2026-07-26 02:11:45,424 [INFO] ffmpeg command: ffmpeg -y -loglevel warning -i rtmp://localhost:1935/live/stream_01 -c copy -f tee [f=flv]rtmp://a.rtmp.youtube.com/live2/bhfp-r56a-uq01-70ha-c147
2026-07-26 02:11:45,443 [INFO] ffmpeg restart hoyeche (pid=21296)
2026-07-26 02:11:46,445 [WARNING] ffmpeg exited (code=4294967274), last error:
[out#0/tee @ 000002b14f30dd00] Output file does not contain any stream
Error opening output file [f=flv]rtmp://a.rtmp.youtube.com/live2/bhfp-r56a-uq01-70ha-c147.
Error opening output files: Invalid argument
2026-07-26 02:11:51,447 [INFO] .env file theke variables (re)load kora hoyeche: .env
2026-07-26 02:11:51,448 [INFO] ffmpeg command: ffmpeg -y -loglevel warning -i rtmp://localhost:1935/live/stream_01 -c copy -f tee [f=flv]rtmp://a.rtmp.youtube.com/live2/bhfp-r56a-uq01-70ha-c147
2026-07-26 02:11:51,471 [INFO] ffmpeg restart hoyeche (pid=12192)
2026-07-26 02:11:52,473 [WARNING] ffmpeg exited (code=4294967274), last error:
[out#0/tee @ 0000017901cf7d40] Output file does not contain any stream
Error opening output file [f=flv]rtmp://a.rtmp.youtube.com/live2/bhfp-r56a-uq01-70ha-c147.
Error opening output files: Invalid argument
2026-07-26 02:11:52,484 [INFO] Shutdown signal (2) peyechi, bondho hocche...
2026-07-26 02:11:57,475 [INFO] .env file theke variables (re)load kora hoyeche: .env
2026-07-26 02:11:59,731 [INFO] ffmpeg command: ffmpeg -y -loglevel warning -i rtmp://localhost:1935/live/stream_01 -c copy -f tee [f=flv]rtmp://a.rtmp.youtube.com/live2/bhfp-r56a-uq01-70ha-c147
2026-07-26 02:11:59,781 [INFO] ffmpeg restart hoyeche (pid=7780)
2026-07-26 02:11:59,782 [INFO] Bondho hocche, ffmpeg cleanup hocche...
2026-07-26 02:11:59,792 [INFO] Relay shesh.
2026-07-26 02:12:49,478 [INFO] .env file theke variables (re)load kora hoyeche: .env
2026-07-26 02:12:49,479 [INFO] Relay shuru hocche: source=rtmp://localhost:1935/live/stream_01 -> 1 destination(s): youtube
2026-07-26 02:12:49,480 [INFO] ffmpeg command: ffmpeg -y -loglevel warning -analyzeduration 10000000 -probesize 10000000 -rtmp_live live -i rtmp://localhost:1935/live/stream_01 -c copy -f tee [f=flv]rtmp://a.rtmp.youtube.com/live2/bhfp-r56a-uq01-70ha-c147
2026-07-26 02:12:49,503 [INFO] ffmpeg (pid=17512) push shuru hoyeche.
2026-07-26 02:12:50,504 [WARNING] ffmpeg exited (code=4294967274), last error:
[out#0/tee @ 000001f331454d80] Output file does not contain any stream
Error opening output file [f=flv]rtmp://a.rtmp.youtube.com/live2/bhfp-r56a-uq01-70ha-c147.
Error opening output files: Invalid argument
2026-07-26 02:12:55,507 [INFO] .env file theke variables (re)load kora hoyeche: .env
2026-07-26 02:12:55,508 [INFO] ffmpeg command: ffmpeg -y -loglevel warning -analyzeduration 10000000 -probesize 10000000 -rtmp_live live -i rtmp://localhost:1935/live/stream_01 -c copy -f tee [f=flv]rtmp://a.rtmp.youtube.com/live2/bhfp-r56a-uq01-70ha-c147
2026-07-26 02:12:55,526 [INFO] ffmpeg restart hoyeche (pid=4684)
2026-07-26 02:12:56,527 [WARNING] ffmpeg exited (code=4294967274), last error:
[out#0/tee @ 00000251f16e7b80] Output file does not contain any stream
Error opening output file [f=flv]rtmp://a.rtmp.youtube.com/live2/bhfp-r56a-uq01-70ha-c147.
Error opening output files: Invalid argument
2026-07-26 02:13:01,530 [INFO] .env file theke variables (re)load kora hoyeche: .env
2026-07-26 02:13:01,531 [INFO] ffmpeg command: ffmpeg -y -loglevel warning -analyzeduration 10000000 -probesize 10000000 -rtmp_live live -i rtmp://localhost:1935/live/stream_01 -c copy -f tee [f=flv]rtmp://a.rtmp.youtube.com/live2/bhfp-r56a-uq01-70ha-c147
2026-07-26 02:13:01,550 [INFO] ffmpeg restart hoyeche (pid=21308)
2026-07-26 02:13:02,552 [WARNING] ffmpeg exited (code=4294967274), last error:
[out#0/tee @ 000001815f6df3c0] Output file does not contain any stream
Error opening output file [f=flv]rtmp://a.rtmp.youtube.com/live2/bhfp-r56a-uq01-70ha-c147.
Error opening output files: Invalid argument
2026-07-26 02:13:07,554 [INFO] .env file theke variables (re)load kora hoyeche: .env
2026-07-26 02:13:07,556 [INFO] ffmpeg command: ffmpeg -y -loglevel warning -analyzeduration 10000000 -probesize 10000000 -rtmp_live live -i rtmp://localhost:1935/live/stream_01 -c copy -f tee [f=flv]rtmp://a.rtmp.youtube.com/live2/bhfp-r56a-uq01-70ha-c147
2026-07-26 02:13:07,581 [INFO] ffmpeg restart hoyeche (pid=17332)
2026-07-26 02:13:08,583 [WARNING] ffmpeg exited (code=4294967274), last error:
[out#0/tee @ 0000024e85376640] Output file does not contain any stream
Error opening output file [f=flv]rtmp://a.rtmp.youtube.com/live2/bhfp-r56a-uq01-70ha-c147.
Error opening output files: Invalid argument
2026-07-26 02:13:13,586 [INFO] .env file theke variables (re)load kora hoyeche: .env
2026-07-26 02:13:13,587 [INFO] ffmpeg command: ffmpeg -y -loglevel warning -analyzeduration 10000000 -probesize 10000000 -rtmp_live live -i rtmp://localhost:1935/live/stream_01 -c copy -f tee [f=flv]rtmp://a.rtmp.youtube.com/live2/bhfp-r56a-uq01-70ha-c147
2026-07-26 02:13:13,610 [INFO] ffmpeg restart hoyeche (pid=15668)
2026-07-26 02:13:14,613 [WARNING] ffmpeg exited (code=4294967274), last error:
[out#0/tee @ 000001e2ab9ef040] Output file does not contain any stream
Error opening output file [f=flv]rtmp://a.rtmp.youtube.com/live2/bhfp-r56a-uq01-70ha-c147.
Error opening output files: Invalid argument
2026-07-26 02:13:19,615 [INFO] .env file theke variables (re)load kora hoyeche: .env
2026-07-26 02:13:19,616 [INFO] ffmpeg command: ffmpeg -y -loglevel warning -analyzeduration 10000000 -probesize 10000000 -rtmp_live live -i rtmp://localhost:1935/live/stream_01 -c copy -f tee [f=flv]rtmp://a.rtmp.youtube.com/live2/bhfp-r56a-uq01-70ha-c147
2026-07-26 02:13:19,630 [INFO] ffmpeg restart hoyeche (pid=19620)
2026-07-26 02:13:20,634 [WARNING] ffmpeg exited (code=4294967274), last error:
[out#0/tee @ 0000013d3db92cc0] Output file does not contain any stream
Error opening output file [f=flv]rtmp://a.rtmp.youtube.com/live2/bhfp-r56a-uq01-70ha-c147.
Error opening output files: Invalid argument
2026-07-26 02:13:25,638 [INFO] .env file theke variables (re)load kora hoyeche: .env
2026-07-26 02:13:25,639 [INFO] ffmpeg command: ffmpeg -y -loglevel warning -analyzeduration 10000000 -probesize 10000000 -rtmp_live live -i rtmp://localhost:1935/live/stream_01 -c copy -f tee [f=flv]rtmp://a.rtmp.youtube.com/live2/bhfp-r56a-uq01-70ha-c147
2026-07-26 02:13:25,663 [INFO] ffmpeg restart hoyeche (pid=1944)
2026-07-26 02:13:26,665 [WARNING] ffmpeg exited (code=4294967274), last error:
[out#0/tee @ 000001a3ee5a7780] Output file does not contain any stream
Error opening output file [f=flv]rtmp://a.rtmp.youtube.com/live2/bhfp-r56a-uq01-70ha-c147.
Error opening output files: Invalid argument
2026-07-26 02:13:31,669 [INFO] .env file theke variables (re)load kora hoyeche: .env
2026-07-26 02:13:31,670 [INFO] ffmpeg command: ffmpeg -y -loglevel warning -analyzeduration 10000000 -probesize 10000000 -rtmp_live live -i rtmp://localhost:1935/live/stream_01 -c copy -f tee [f=flv]rtmp://a.rtmp.youtube.com/live2/bhfp-r56a-uq01-70ha-c147
2026-07-26 02:13:31,689 [INFO] ffmpeg restart hoyeche (pid=22020)
2026-07-26 02:13:32,692 [WARNING] ffmpeg exited (code=4294967274), last error:
[out#0/tee @ 000002815cb67980] Output file does not contain any stream
Error opening output file [f=flv]rtmp://a.rtmp.youtube.com/live2/bhfp-r56a-uq01-70ha-c147.
Error opening output files: Invalid argument
2026-07-26 02:13:37,694 [INFO] .env file theke variables (re)load kora hoyeche: .env
2026-07-26 02:13:37,695 [INFO] ffmpeg command: ffmpeg -y -loglevel warning -analyzeduration 10000000 -probesize 10000000 -rtmp_live live -i rtmp://localhost:1935/live/stream_01 -c copy -f tee [f=flv]rtmp://a.rtmp.youtube.com/live2/bhfp-r56a-uq01-70ha-c147
2026-07-26 02:13:37,715 [INFO] ffmpeg restart hoyeche (pid=21948)
2026-07-26 02:13:38,717 [WARNING] ffmpeg exited (code=4294967274), last error:
[out#0/tee @ 0000018bb09e7f00] Output file does not contain any stream
Error opening output file [f=flv]rtmp://a.rtmp.youtube.com/live2/bhfp-r56a-uq01-70ha-c147.
Error opening output files: Invalid argument
2026-07-26 02:13:43,720 [INFO] .env file theke variables (re)load kora hoyeche: .env
2026-07-26 02:13:43,720 [INFO] ffmpeg command: ffmpeg -y -loglevel warning -analyzeduration 10000000 -probesize 10000000 -rtmp_live live -i rtmp://localhost:1935/live/stream_01 -c copy -f tee [f=flv]rtmp://a.rtmp.youtube.com/live2/bhfp-r56a-uq01-70ha-c147
2026-07-26 02:13:43,742 [INFO] ffmpeg restart hoyeche (pid=12916)
2026-07-26 02:13:44,744 [WARNING] ffmpeg exited (code=4294967274), last error:
[out#0/tee @ 0000020870b5a900] Output file does not contain any stream
Error opening output file [f=flv]rtmp://a.rtmp.youtube.com/live2/bhfp-r56a-uq01-70ha-c147.
Error opening output files: Invalid argument
2026-07-26 02:13:49,747 [INFO] .env file theke variables (re)load kora hoyeche: .env
2026-07-26 02:13:49,748 [INFO] ffmpeg command: ffmpeg -y -loglevel warning -analyzeduration 10000000 -probesize 10000000 -rtmp_live live -i rtmp://localhost:1935/live/stream_01 -c copy -f tee [f=flv]rtmp://a.rtmp.youtube.com/live2/bhfp-r56a-uq01-70ha-c147
2026-07-26 02:13:49,767 [INFO] ffmpeg restart hoyeche (pid=15520)
2026-07-26 02:13:50,768 [WARNING] ffmpeg exited (code=4294967274), last error:
[out#0/tee @ 000002dadba88f00] Output file does not contain any stream
Error opening output file [f=flv]rtmp://a.rtmp.youtube.com/live2/bhfp-r56a-uq01-70ha-c147.
Error opening output files: Invalid argument
2026-07-26 02:13:55,771 [INFO] .env file theke variables (re)load kora hoyeche: .env
2026-07-26 02:13:55,772 [INFO] ffmpeg command: ffmpeg -y -loglevel warning -analyzeduration 10000000 -probesize 10000000 -rtmp_live live -i rtmp://localhost:1935/live/stream_01 -c copy -f tee [f=flv]rtmp://a.rtmp.youtube.com/live2/bhfp-r56a-uq01-70ha-c147
2026-07-26 02:13:55,794 [INFO] ffmpeg restart hoyeche (pid=18820)
2026-07-26 02:13:56,795 [WARNING] ffmpeg exited (code=4294967274), last error:
[out#0/tee @ 0000026c26b08440] Output file does not contain any stream
Error opening output file [f=flv]rtmp://a.rtmp.youtube.com/live2/bhfp-r56a-uq01-70ha-c147.
Error opening output files: Invalid argument
2026-07-26 02:14:01,799 [INFO] .env file theke variables (re)load kora hoyeche: .env
2026-07-26 02:14:01,800 [INFO] ffmpeg command: ffmpeg -y -loglevel warning -analyzeduration 10000000 -probesize 10000000 -rtmp_live live -i rtmp://localhost:1935/live/stream_01 -c copy -f tee [f=flv]rtmp://a.rtmp.youtube.com/live2/bhfp-r56a-uq01-70ha-c147
2026-07-26 02:14:01,828 [INFO] ffmpeg restart hoyeche (pid=20736)
2026-07-26 02:14:02,830 [WARNING] ffmpeg exited (code=4294967274), last error:
[out#0/tee @ 000002d094be7880] Output file does not contain any stream
Error opening output file [f=flv]rtmp://a.rtmp.youtube.com/live2/bhfp-r56a-uq01-70ha-c147.
Error opening output files: Invalid argument
2026-07-26 02:14:07,833 [INFO] .env file theke variables (re)load kora hoyeche: .env
2026-07-26 02:14:07,833 [INFO] ffmpeg command: ffmpeg -y -loglevel warning -analyzeduration 10000000 -probesize 10000000 -rtmp_live live -i rtmp://localhost:1935/live/stream_01 -c copy -f tee [f=flv]rtmp://a.rtmp.youtube.com/live2/bhfp-r56a-uq01-70ha-c147
2026-07-26 02:14:07,854 [INFO] ffmpeg restart hoyeche (pid=4868)
2026-07-26 02:14:08,855 [WARNING] ffmpeg exited (code=4294967274), last error:
[out#0/tee @ 0000029d5ab48580] Output file does not contain any stream
Error opening output file [f=flv]rtmp://a.rtmp.youtube.com/live2/bhfp-r56a-uq01-70ha-c147.
Error opening output files: Invalid argument
2026-07-26 02:14:10,557 [INFO] Shutdown signal (2) peyechi, bondho hocche...
2026-07-26 02:14:10,780 [INFO] Shutdown signal (2) peyechi, bondho hocche...
2026-07-26 02:14:13,859 [INFO] .env file theke variables (re)load kora hoyeche: .env
2026-07-26 02:14:13,859 [INFO] ffmpeg command: ffmpeg -y -loglevel warning -analyzeduration 10000000 -probesize 10000000 -rtmp_live live -i rtmp://localhost:1935/live/stream_01 -c copy -f tee [f=flv]rtmp://a.rtmp.youtube.com/live2/bhfp-r56a-uq01-70ha-c147
2026-07-26 02:14:13,882 [INFO] ffmpeg restart hoyeche (pid=9532)
2026-07-26 02:14:13,885 [INFO] Bondho hocche, ffmpeg cleanup hocche...
2026-07-26 02:14:13,889 [INFO] Relay shesh.
2026-07-26 02:19:25,693 [INFO] .env file theke variables (re)load kora hoyeche: .env
2026-07-26 02:19:25,694 [INFO] Relay shuru hocche: source=rtmp://localhost:1935/live/stream_01 -> 1 destination(s): youtube
2026-07-26 02:19:25,695 [INFO] ffmpeg command: ffmpeg -y -loglevel warning -analyzeduration 10000000 -probesize 10000000 -rtmp_live live -i rtmp://localhost:1935/live/stream_01 -map 0 -c copy -f tee [f=flv]rtmp://a.rtmp.youtube.com/live2/bhfp-r56a-uq01-70ha-c147
2026-07-26 02:19:25,713 [INFO] ffmpeg (pid=11732) push shuru hoyeche.
2026-07-26 02:25:01,895 [WARNING] ffmpeg exited (code=4294957243), last error:
[in#0/flv @ 000001a5670c6b00] Error during demuxing: I/O error
[flv @ 000001a565314840] Failed to update header with correct duration.
[flv @ 000001a565314840] Failed to update header with correct filesize.
[tee @ 000001a5671a7640] All tee outputs failed.
[out#0/tee @ 000001a5670c97c0] Error writing trailer: Error number -10053 occurred
2026-07-26 02:25:06,897 [INFO] .env file theke variables (re)load kora hoyeche: .env
2026-07-26 02:25:06,897 [INFO] ffmpeg command: ffmpeg -y -loglevel warning -analyzeduration 10000000 -probesize 10000000 -rtmp_live live -i rtmp://localhost:1935/live/stream_01 -map 0 -c copy -f tee [f=flv]rtmp://a.rtmp.youtube.com/live2/bhfp-r56a-uq01-70ha-c147
2026-07-26 02:25:06,907 [INFO] ffmpeg restart hoyeche (pid=7444)
2026-07-26 02:25:08,863 [INFO] Shutdown signal (2) peyechi, bondho hocche...
2026-07-26 02:25:08,908 [INFO] Bondho hocche, ffmpeg cleanup hocche...
2026-07-26 02:25:08,922 [INFO] Relay shesh.
2026-07-26 02:29:52,120 [INFO] .env file theke variables (re)load kora hoyeche: .env
2026-07-26 02:29:52,121 [INFO] Relay shuru hocche: source=rtmp://localhost:1935/live/stream_01 -> 1 destination(s): youtube
2026-07-26 02:29:52,121 [INFO] ffmpeg command: ffmpeg -y -loglevel warning -analyzeduration 10000000 -probesize 10000000 -rtmp_live live -i rtmp://localhost:1935/live/stream_01 -map 0 -c copy -f tee [f=flv]rtmp://a.rtmp.youtube.com/live2/bhfp-r56a-uq01-70ha-c147
2026-07-26 02:29:52,137 [INFO] ffmpeg (pid=3868) push shuru hoyeche.
2026-07-26 02:32:13,322 [INFO] Shutdown signal (2) peyechi, bondho hocche...
2026-07-26 02:32:30,347 [INFO] .env file theke variables (re)load kora hoyeche: .env
2026-07-26 02:32:30,348 [INFO] Relay shuru hocche: source=rtmp://localhost:1935/live/stream_01 -> 1 destination(s): youtube
2026-07-26 02:32:30,348 [INFO] ffmpeg command: ffmpeg -y -loglevel warning -analyzeduration 10000000 -probesize 10000000 -rtmp_live live -i rtmp://localhost:1935/live/stream_01 -map 0 -c copy -f tee [f=flv]rtmp://a.rtmp.youtube.com/live2/bhfp-r56a-uq01-70ha-c147
2026-07-26 02:32:30,364 [INFO] ffmpeg (pid=9744) push shuru hoyeche.
2026-07-26 02:34:05,191 [INFO] Shutdown signal (2) peyechi, bondho hocche...
2026-07-26 02:35:19,071 [INFO] .env file theke variables (re)load kora hoyeche: .env
2026-07-26 02:35:19,072 [INFO] Relay shuru hocche: source=rtmp://localhost:1935/live/stream_01 -> 1 destination(s): youtube
2026-07-26 02:35:19,072 [INFO] ffmpeg command: ffmpeg -y -loglevel warning -analyzeduration 10000000 -probesize 10000000 -rtmp_live live -i rtmp://localhost:1935/live/stream_01 -map 0 -c copy -f tee [f=flv]rtmp://a.rtmp.youtube.com/live2/bhfp-r56a-uq01-70ha-c147
2026-07-26 02:35:19,086 [INFO] ffmpeg (pid=21028) push shuru hoyeche.
2026-07-26 02:54:18,675 [WARNING] ffmpeg exited (code=0), last error:
[in#0/flv @ 000002a39dcdc180] Packet mismatch 135488968 11 1104253848
[in#0/flv @ 000002a39dcdc180] Packet mismatch -1857585601 2078 1104255926
[in#0/flv @ 000002a39dd23900] Error during demuxing: Cannot allocate memory
[flv @ 000002a39fa4e080] Failed to update header with correct duration.
[flv @ 000002a39fa4e080] Failed to update header with correct filesize.
2026-07-26 02:54:23,677 [INFO] .env file theke variables (re)load kora hoyeche: .env
2026-07-26 02:54:23,678 [INFO] ffmpeg command: ffmpeg -y -loglevel warning -analyzeduration 10000000 -probesize 10000000 -rtmp_live live -i rtmp://localhost:1935/live/stream_01 -map 0 -c copy -f tee [f=flv]rtmp://a.rtmp.youtube.com/live2/bhfp-r56a-uq01-70ha-c147
2026-07-26 02:54:23,697 [INFO] ffmpeg restart hoyeche (pid=3248)
2026-07-26 03:01:54,909 [WARNING] ffmpeg exited (code=0), last error:
[in#0/flv @ 00000171381f4100] Error during demuxing: I/O error
[flv @ 000001713aa2fbc0] Failed to update header with correct duration.
[flv @ 000001713aa2fbc0] Failed to update header with correct filesize.
2026-07-26 03:01:59,911 [INFO] .env file theke variables (re)load kora hoyeche: .env
2026-07-26 03:01:59,911 [INFO] ffmpeg command: ffmpeg -y -loglevel warning -analyzeduration 10000000 -probesize 10000000 -rtmp_live live -i rtmp://localhost:1935/live/stream_01 -map 0 -c copy -f tee [f=flv]rtmp://a.rtmp.youtube.com/live2/bhfp-r56a-uq01-70ha-c147
2026-07-26 03:01:59,920 [INFO] ffmpeg restart hoyeche (pid=21368)
2026-07-26 03:03:00,946 [WARNING] ffmpeg exited (code=0), last error:
[in#0/flv @ 00000258bad53480] Error during demuxing: I/O error
[flv @ 00000258bd3e4480] Failed to update header with correct duration.
[flv @ 00000258bd3e4480] Failed to update header with correct filesize.
2026-07-26 03:03:05,950 [INFO] .env file theke variables (re)load kora hoyeche: .env
2026-07-26 03:03:05,951 [INFO] ffmpeg command: ffmpeg -y -loglevel warning -analyzeduration 10000000 -probesize 10000000 -rtmp_live live -i rtmp://localhost:1935/live/stream_01 -map 0 -c copy -f tee [f=flv]rtmp://a.rtmp.youtube.com/live2/bhfp-r56a-uq01-70ha-c147
2026-07-26 03:03:05,968 [INFO] ffmpeg restart hoyeche (pid=14696)
2026-07-26 03:03:06,969 [WARNING] ffmpeg exited (code=4294967284), last error:
[in#0 @ 0000015724d31f00] Error opening input: Cannot allocate memory
Error opening input file rtmp://localhost:1935/live/stream_01.
Error opening input files: Cannot allocate memory
2026-07-26 03:03:11,971 [INFO] .env file theke variables (re)load kora hoyeche: .env
2026-07-26 03:03:11,972 [INFO] ffmpeg command: ffmpeg -y -loglevel warning -analyzeduration 10000000 -probesize 10000000 -rtmp_live live -i rtmp://localhost:1935/live/stream_01 -map 0 -c copy -f tee [f=flv]rtmp://a.rtmp.youtube.com/live2/bhfp-r56a-uq01-70ha-c147
2026-07-26 03:03:11,989 [INFO] ffmpeg restart hoyeche (pid=13444)
2026-07-26 03:03:33,005 [WARNING] ffmpeg exited (code=3221225773)
2026-07-26 03:03:38,007 [INFO] .env file theke variables (re)load kora hoyeche: .env
2026-07-26 03:03:38,008 [INFO] ffmpeg command: ffmpeg -y -loglevel warning -analyzeduration 10000000 -probesize 10000000 -rtmp_live live -i rtmp://localhost:1935/live/stream_01 -map 0 -c copy -f tee [f=flv]rtmp://a.rtmp.youtube.com/live2/bhfp-r56a-uq01-70ha-c147
2026-07-26 03:03:38,022 [INFO] ffmpeg restart hoyeche (pid=14400)
2026-07-26 03:03:41,411 [INFO] Shutdown signal (2) peyechi, bondho hocche...
